           2           1 T     ! nop,nop2,symor 
!  1
    1    0    0        0.00000
    0    1    0        0.00000
    0    0    1        0.00000
!  2
   -1    0    0        0.00000
    0   -1    0        0.00000
    0    0   -1        0.00000
