      Welcome to FLEUR        (www.flapw.de)   
      MaX-Release 6.0          (www.max-centre.eu)
 Now copying inp_dump.xml
 
 ========== k-point set info ==========
 Selected k-point list: default-1
 k-point list type: mesh
 1 x 1 x 1
 Number of k points: 1
 
 --------------------------------------------------------
 Number of OMP-threads:           2
 --------------------------------------------------------
 Iteration:           1  Distance:   3.0794120000412550     
 Test for time of next iteration:
 Time provided (min):   5.0000000000000000     
 Time used     (min):           1
 Time per iter (min):           1
 Iteration:           2  Distance:   3.7388252997098887     
 Test for time of next iteration:
 Time provided (min):   5.0000000000000000     
 Time used     (min):           1
 Time per iter (min):           1
 Iteration:           3  Distance:   5.3762232633083968     
 Test for time of next iteration:
 Time provided (min):   5.0000000000000000     
 Time used     (min):           1
 Time per iter (min):           1
 Iteration:           4  Distance:   12.361588491011165     
 Test for time of next iteration:
 Time provided (min):   5.0000000000000000     
 Time used     (min):           1
 Time per iter (min):           1
 Iteration:           5  Distance:   13.358254789217373     
 Test for time of next iteration:
 Time provided (min):   5.0000000000000000     
 Time used     (min):           1
 Time per iter (min):           1
 Iteration:           6  Distance:   12.919776467622569     
 Test for time of next iteration:
 Time provided (min):   5.0000000000000000     
 Time used     (min):           1
 Time per iter (min):           1
 Iteration:           7  Distance:   13.276175902889079     
 Test for time of next iteration:
 Time provided (min):   5.0000000000000000     
 Time used     (min):           1
 Time per iter (min):           1
 Iteration:           8  Distance:   14.475692717403652     
 Test for time of next iteration:
 Time provided (min):   5.0000000000000000     
 Time used     (min):           2
 Time per iter (min):           1
 Iteration:           9  Distance:   13.435343997450648     
 Test for time of next iteration:
 Time provided (min):   5.0000000000000000     
 Time used     (min):           2
 Time per iter (min):           1
 Iteration:          10  Distance:   1.9417992903049262     
 Test for time of next iteration:
 Time provided (min):   5.0000000000000000     
 Time used     (min):           2
 Time per iter (min):           1
 Iteration:          11  Distance:   2.3124383482003115     
 Test for time of next iteration:
 Time provided (min):   5.0000000000000000     
 Time used     (min):           2
 Time per iter (min):           1
 Iteration:          12  Distance:   6.0750995856179699     
 Test for time of next iteration:
 Time provided (min):   5.0000000000000000     
 Time used     (min):           2
 Time per iter (min):           1
 Iteration:          13  Distance:   9.1799676554123533     
 Test for time of next iteration:
 Time provided (min):   5.0000000000000000     
 Time used     (min):           2
 Time per iter (min):           1
 Iteration:          14  Distance:   8.7328846100837207     
 Test for time of next iteration:
 Time provided (min):   5.0000000000000000     
 Time used     (min):           2
 Time per iter (min):           1
 Iteration:          15  Distance:   1.5409664121532716     
 Test for time of next iteration:
 Time provided (min):   5.0000000000000000     
 Time used     (min):           2
 Time per iter (min):           1
 Iteration:          16  Distance:   7.6405287193478442     
 Test for time of next iteration:
 Time provided (min):   5.0000000000000000     
 Time used     (min):           2
 Time per iter (min):           1
 Iteration:          17  Distance:  0.35115478952578660     
 Test for time of next iteration:
 Time provided (min):   5.0000000000000000     
 Time used     (min):           3
 Time per iter (min):           1
 Iteration:          18  Distance:  0.37457942184167864     
 Test for time of next iteration:
 Time provided (min):   5.0000000000000000     
 Time used     (min):           3
 Time per iter (min):           1
 Iteration:          19  Distance:   7.8184716667545340E-002
 Test for time of next iteration:
 Time provided (min):   5.0000000000000000     
 Time used     (min):           3
 Time per iter (min):           1
 Iteration:          20  Distance:   9.3539201127340654E-002
 Test for time of next iteration:
 Time provided (min):   5.0000000000000000     
 Time used     (min):           3
 Time per iter (min):           1
 Iteration:          21  Distance:   8.8813162723847747E-002
 Test for time of next iteration:
 Time provided (min):   5.0000000000000000     
 Time used     (min):           3
 Time per iter (min):           1
 Iteration:          22  Distance:   2.6244955412008317E-002
 Test for time of next iteration:
 Time provided (min):   5.0000000000000000     
 Time used     (min):           3
 Time per iter (min):           1
 Iteration:          23  Distance:  0.10577196615679030     
 Test for time of next iteration:
 Time provided (min):   5.0000000000000000     
 Time used     (min):           3
 Time per iter (min):           1
 Iteration:          24  Distance:   1.1461083477027453E-002
 Test for time of next iteration:
 Time provided (min):   5.0000000000000000     
 Time used     (min):           3
 Time per iter (min):           1
 Iteration:          25  Distance:   4.8439459049975847E-002
 Test for time of next iteration:
 Time provided (min):   5.0000000000000000     
 Time used     (min):           4
 Time per iter (min):           1
 Iteration:          26  Distance:   1.4665518185150942E-002
 Test for time of next iteration:
 Time provided (min):   5.0000000000000000     
 Time used     (min):           4
 Time per iter (min):           1
 Iteration:          27  Distance:   2.7375828669810543E-003
 Test for time of next iteration:
 Time provided (min):   5.0000000000000000     
 Time used     (min):           4
 Time per iter (min):           1
 Iteration:          28  Distance:   6.6159079703885845E-003
 Test for time of next iteration:
 Time provided (min):   5.0000000000000000     
 Time used     (min):           4
 Time per iter (min):           1
 Iteration:          29  Distance:   2.8881008446829622E-003
 Test for time of next iteration:
 Time provided (min):   5.0000000000000000     
 Time used     (min):           4
 Time per iter (min):           1
 Iteration:          30  Distance:   1.4783171022705627E-002
 As requested by command line option usage data was not send, please send usage.json manually
