      Welcome to FLEUR        (www.flapw.de)   
      MaX-Release 6.0          (www.max-centre.eu)
 Now copying inp_dump.xml
 
 ========== k-point set info ==========
 Selected k-point list: default-1
 k-point list type: mesh
 1 x 1 x 1
 Number of k points: 1
 
 --------------------------------------------------------
 Number of OMP-threads:           2
 --------------------------------------------------------
 Iteration:           1  Distance:   4.7618529661571057E-004
 Test for time of next iteration:
 Time provided (min):   5.0000000000000000     
 Time used     (min):           1
 Time per iter (min):           1
 Iteration:           2  Distance:   3.7755315032211332     
 Test for time of next iteration:
 Time provided (min):   5.0000000000000000     
 Time used     (min):           1
 Time per iter (min):           1
 Iteration:           3  Distance:   4.5032260993908153     
 Test for time of next iteration:
 Time provided (min):   5.0000000000000000     
 Time used     (min):           1
 Time per iter (min):           1
 Iteration:           4  Distance:   3.7377835735963827     
 Test for time of next iteration:
 Time provided (min):   5.0000000000000000     
 Time used     (min):           1
 Time per iter (min):           1
 Iteration:           5  Distance:   3.8271069362764361     
 Test for time of next iteration:
 Time provided (min):   5.0000000000000000     
 Time used     (min):           1
 Time per iter (min):           1
 Iteration:           6  Distance:   2.3437763351204883     
 Test for time of next iteration:
 Time provided (min):   5.0000000000000000     
 Time used     (min):           1
 Time per iter (min):           1
 Iteration:           7  Distance:   3.4611801272576503     
 Test for time of next iteration:
 Time provided (min):   5.0000000000000000     
 Time used     (min):           1
 Time per iter (min):           1
 Iteration:           8  Distance:   4.4089240316374392     
 Test for time of next iteration:
 Time provided (min):   5.0000000000000000     
 Time used     (min):           2
 Time per iter (min):           1
 Iteration:           9  Distance:   1.7477233455978982     
 Test for time of next iteration:
 Time provided (min):   5.0000000000000000     
 Time used     (min):           2
 Time per iter (min):           1
 Iteration:          10  Distance:  0.88244213681046557     
 Test for time of next iteration:
 Time provided (min):   5.0000000000000000     
 Time used     (min):           2
 Time per iter (min):           1
 Iteration:          11  Distance:  0.52071383436161078     
 Test for time of next iteration:
 Time provided (min):   5.0000000000000000     
 Time used     (min):           2
 Time per iter (min):           1
 Iteration:          12  Distance:  0.66375344471414210     
 Test for time of next iteration:
 Time provided (min):   5.0000000000000000     
 Time used     (min):           2
 Time per iter (min):           1
 Iteration:          13  Distance:  0.21010591720041891     
 Test for time of next iteration:
 Time provided (min):   5.0000000000000000     
 Time used     (min):           2
 Time per iter (min):           1
 Iteration:          14  Distance:   8.3283329096678640E-002
 Test for time of next iteration:
 Time provided (min):   5.0000000000000000     
 Time used     (min):           2
 Time per iter (min):           1
 Iteration:          15  Distance:  0.13466449983172230     
 Test for time of next iteration:
 Time provided (min):   5.0000000000000000     
 Time used     (min):           2
 Time per iter (min):           1
 Iteration:          16  Distance:  0.12882466172414639     
 Test for time of next iteration:
 Time provided (min):   5.0000000000000000     
 Time used     (min):           2
 Time per iter (min):           1
 Iteration:          17  Distance:  0.10789136547006449     
 Test for time of next iteration:
 Time provided (min):   5.0000000000000000     
 Time used     (min):           3
 Time per iter (min):           1
 Iteration:          18  Distance:  0.10283246613680211     
 Test for time of next iteration:
 Time provided (min):   5.0000000000000000     
 Time used     (min):           3
 Time per iter (min):           1
 Iteration:          19  Distance:   3.8892474254983954E-002
 Test for time of next iteration:
 Time provided (min):   5.0000000000000000     
 Time used     (min):           3
 Time per iter (min):           1
 Iteration:          20  Distance:   1.9670779885101172E-002
 Test for time of next iteration:
 Time provided (min):   5.0000000000000000     
 Time used     (min):           3
 Time per iter (min):           1
 Iteration:          21  Distance:   2.1647384687769906E-002
 Test for time of next iteration:
 Time provided (min):   5.0000000000000000     
 Time used     (min):           3
 Time per iter (min):           1
 Iteration:          22  Distance:   1.5335593329907303E-002
 Test for time of next iteration:
 Time provided (min):   5.0000000000000000     
 Time used     (min):           3
 Time per iter (min):           1
 Iteration:          23  Distance:   4.0521521677717226E-003
 Test for time of next iteration:
 Time provided (min):   5.0000000000000000     
 Time used     (min):           3
 Time per iter (min):           1
 Iteration:          24  Distance:   2.6323562614101277E-003
 Test for time of next iteration:
 Time provided (min):   5.0000000000000000     
 Time used     (min):           3
 Time per iter (min):           1
 Iteration:          25  Distance:   1.0155612041907543E-003
 Test for time of next iteration:
 Time provided (min):   5.0000000000000000     
 Time used     (min):           4
 Time per iter (min):           1
 Iteration:          26  Distance:   2.4533111583510117E-004
 Test for time of next iteration:
 Time provided (min):   5.0000000000000000     
 Time used     (min):           4
 Time per iter (min):           1
 Iteration:          27  Distance:   4.2608948440080581E-004
 Test for time of next iteration:
 Time provided (min):   5.0000000000000000     
 Time used     (min):           4
 Time per iter (min):           1
 Iteration:          28  Distance:   9.5518086196208363E-005
 Test for time of next iteration:
 Time provided (min):   5.0000000000000000     
 Time used     (min):           4
 Time per iter (min):           1
 Iteration:          29  Distance:   2.3019644383006465E-005
 Test for time of next iteration:
 Time provided (min):   5.0000000000000000     
 Time used     (min):           4
 Time per iter (min):           1
 Iteration:          30  Distance:   1.7302866205152400E-005
 As requested by command line option usage data was not send, please send usage.json manually
