      Welcome to FLEUR        (www.flapw.de)   
      MaX-Release 6.0          (www.max-centre.eu)
 Now copying inp_dump.xml
 
 ========== k-point set info ==========
 Selected k-point list: default-1
 k-point list type: mesh
 4 x 8 x 8
 Number of k points: 72
 
 --------------------------------------------------------
 Number of OMP-threads:           2
 --------------------------------------------------------
 Iteration:           1  Distance:   14.533399376334081     
 Test for time of next iteration:
 Time provided (min):   60.000000000000000     
 Time used     (min):           1
 Time per iter (min):           1
 Iteration:           2  Distance:   13.178477345364378     
 Test for time of next iteration:
 Time provided (min):   60.000000000000000     
 Time used     (min):           1
 Time per iter (min):           1
 Iteration:           3  Distance:   7.6958454336099864     
 Test for time of next iteration:
 Time provided (min):   60.000000000000000     
 Time used     (min):           1
 Time per iter (min):           1
 Iteration:           4  Distance:   5.0106703830246566     
 Test for time of next iteration:
 Time provided (min):   60.000000000000000     
 Time used     (min):           1
 Time per iter (min):           1
 Iteration:           5  Distance:   4.4606471555688092     
 Test for time of next iteration:
 Time provided (min):   60.000000000000000     
 Time used     (min):           1
 Time per iter (min):           1
 Iteration:           6  Distance:   1.5157601204412845     
 Test for time of next iteration:
 Time provided (min):   60.000000000000000     
 Time used     (min):           2
 Time per iter (min):           1
 Iteration:           7  Distance:  0.91230546285578629     
 Test for time of next iteration:
 Time provided (min):   60.000000000000000     
 Time used     (min):           2
 Time per iter (min):           1
 Iteration:           8  Distance:  0.25970029109653758     
 Test for time of next iteration:
 Time provided (min):   60.000000000000000     
 Time used     (min):           2
 Time per iter (min):           1
 Iteration:           9  Distance:  0.25243372819596838     
 Test for time of next iteration:
 Time provided (min):   60.000000000000000     
 Time used     (min):           2
 Time per iter (min):           1
 Iteration:          10  Distance:  0.13384006598325304     
 Test for time of next iteration:
 Time provided (min):   60.000000000000000     
 Time used     (min):           2
 Time per iter (min):           1
 Iteration:          11  Distance:   4.4679497921737664E-002
 Test for time of next iteration:
 Time provided (min):   60.000000000000000     
 Time used     (min):           3
 Time per iter (min):           1
 Iteration:          12  Distance:   3.5856192379166811E-002
 Test for time of next iteration:
 Time provided (min):   60.000000000000000     
 Time used     (min):           3
 Time per iter (min):           1
 Iteration:          13  Distance:   6.2826780647306357E-003
 Test for time of next iteration:
 Time provided (min):   60.000000000000000     
 Time used     (min):           3
 Time per iter (min):           1
 Iteration:          14  Distance:   4.6030267172862621E-003
 Test for time of next iteration:
 Time provided (min):   60.000000000000000     
 Time used     (min):           3
 Time per iter (min):           1
 Iteration:          15  Distance:   1.7127758151446752E-003
 Test for time of next iteration:
 Time provided (min):   60.000000000000000     
 Time used     (min):           3
 Time per iter (min):           1
 Iteration:          16  Distance:   1.6484684511581225E-003
 Test for time of next iteration:
 Time provided (min):   60.000000000000000     
 Time used     (min):           3
 Time per iter (min):           1
 Iteration:          17  Distance:   1.3852847428440273E-003
 Test for time of next iteration:
 Time provided (min):   60.000000000000000     
 Time used     (min):           4
 Time per iter (min):           1
 Iteration:          18  Distance:   4.8738819379667993E-004
 Test for time of next iteration:
 Time provided (min):   60.000000000000000     
 Time used     (min):           4
 Time per iter (min):           1
 Iteration:          19  Distance:   2.7488310491086295E-004
 Test for time of next iteration:
 Time provided (min):   60.000000000000000     
 Time used     (min):           4
 Time per iter (min):           1
 Iteration:          20  Distance:   9.0450004162675592E-005
 Test for time of next iteration:
 Time provided (min):   60.000000000000000     
 Time used     (min):           4
 Time per iter (min):           1
 Iteration:          21  Distance:   3.6613687014177884E-005
 Test for time of next iteration:
 Time provided (min):   60.000000000000000     
 Time used     (min):           4
 Time per iter (min):           1
 Iteration:          22  Distance:   1.8605037559945963E-005
 As requested by command line option usage data was not send, please send usage.json manually
