      Welcome to FLEUR        (www.flapw.de)   
      MaX-Release 6.0          (www.max-centre.eu)
 Now copying inp_dump.xml
 
 ========== k-point set info ==========
 Selected k-point list: default-1
 k-point list type: mesh
 4 x 8 x 8
 Number of k points: 72
 
 --------------------------------------------------------
 Number of OMP-threads:           2
 --------------------------------------------------------
 Iteration:           1  Distance:   14.517901498965591     
 Test for time of next iteration:
 Time provided (min):   60.000000000000000     
 Time used     (min):           1
 Time per iter (min):           1
 Iteration:           2  Distance:   13.166197898141229     
 Test for time of next iteration:
 Time provided (min):   60.000000000000000     
 Time used     (min):           1
 Time per iter (min):           1
 Iteration:           3  Distance:   7.7209834725577560     
 Test for time of next iteration:
 Time provided (min):   60.000000000000000     
 Time used     (min):           1
 Time per iter (min):           1
 Iteration:           4  Distance:   5.0053694719198489     
 Test for time of next iteration:
 Time provided (min):   60.000000000000000     
 Time used     (min):           1
 Time per iter (min):           1
 Iteration:           5  Distance:   4.4091025112244022     
 Test for time of next iteration:
 Time provided (min):   60.000000000000000     
 Time used     (min):           1
 Time per iter (min):           1
 Iteration:           6  Distance:   1.5218729984947845     
 Test for time of next iteration:
 Time provided (min):   60.000000000000000     
 Time used     (min):           2
 Time per iter (min):           1
 Iteration:           7  Distance:  0.88216981425674679     
 Test for time of next iteration:
 Time provided (min):   60.000000000000000     
 Time used     (min):           2
 Time per iter (min):           1
 Iteration:           8  Distance:  0.27599619630748451     
 Test for time of next iteration:
 Time provided (min):   60.000000000000000     
 Time used     (min):           2
 Time per iter (min):           1
 Iteration:           9  Distance:  0.25436886602205927     
 Test for time of next iteration:
 Time provided (min):   60.000000000000000     
 Time used     (min):           2
 Time per iter (min):           1
 Iteration:          10  Distance:  0.12784310406910127     
 Test for time of next iteration:
 Time provided (min):   60.000000000000000     
 Time used     (min):           2
 Time per iter (min):           1
 Iteration:          11  Distance:   4.3007713818958869E-002
 Test for time of next iteration:
 Time provided (min):   60.000000000000000     
 Time used     (min):           3
 Time per iter (min):           1
 Iteration:          12  Distance:   3.8668243063436636E-002
 Test for time of next iteration:
 Time provided (min):   60.000000000000000     
 Time used     (min):           3
 Time per iter (min):           1
 Iteration:          13  Distance:   6.2673304560456576E-003
 Test for time of next iteration:
 Time provided (min):   60.000000000000000     
 Time used     (min):           3
 Time per iter (min):           1
 Iteration:          14  Distance:   5.3704333529311530E-003
 Test for time of next iteration:
 Time provided (min):   60.000000000000000     
 Time used     (min):           3
 Time per iter (min):           1
 Iteration:          15  Distance:   1.8327919296503787E-003
 Test for time of next iteration:
 Time provided (min):   60.000000000000000     
 Time used     (min):           3
 Time per iter (min):           1
 Iteration:          16  Distance:   1.7648147182274783E-003
 Test for time of next iteration:
 Time provided (min):   60.000000000000000     
 Time used     (min):           4
 Time per iter (min):           1
 Iteration:          17  Distance:   1.4096771624104727E-003
 Test for time of next iteration:
 Time provided (min):   60.000000000000000     
 Time used     (min):           4
 Time per iter (min):           1
 Iteration:          18  Distance:   5.2284246506123868E-004
 Test for time of next iteration:
 Time provided (min):   60.000000000000000     
 Time used     (min):           4
 Time per iter (min):           1
 Iteration:          19  Distance:   2.9967401859536347E-004
 Test for time of next iteration:
 Time provided (min):   60.000000000000000     
 Time used     (min):           4
 Time per iter (min):           1
 Iteration:          20  Distance:   4.5078663421584850E-005
 Test for time of next iteration:
 Time provided (min):   60.000000000000000     
 Time used     (min):           4
 Time per iter (min):           1
 Iteration:          21  Distance:   4.3340566732935953E-005
 Test for time of next iteration:
 Time provided (min):   60.000000000000000     
 Time used     (min):           4
 Time per iter (min):           1
 Iteration:          22  Distance:   1.3240859768275710E-005
 As requested by command line option usage data was not send, please send usage.json manually
