      Welcome to FLEUR        (www.flapw.de)   
      MaX-Release 6.0          (www.max-centre.eu)
 Now copying inp_dump.xml
 
 ========== k-point set info ==========
 Selected k-point list: default-1
 k-point list type: mesh
 1 x 1 x 1
 Number of k points: 1
 
 --------------------------------------------------------
 Number of OMP-threads:           2
 --------------------------------------------------------
 Iteration:           1  Distance:   3.0935642473048008     
 Test for time of next iteration:
 Time provided (min):   5.0000000000000000     
 Time used     (min):           1
 Time per iter (min):           1
 Iteration:           2  Distance:   3.9748085601519083     
 Test for time of next iteration:
 Time provided (min):   5.0000000000000000     
 Time used     (min):           1
 Time per iter (min):           1
 Iteration:           3  Distance:   3.6695798822161780     
 Test for time of next iteration:
 Time provided (min):   5.0000000000000000     
 Time used     (min):           1
 Time per iter (min):           1
 Iteration:           4  Distance:   13.167924927467723     
 Test for time of next iteration:
 Time provided (min):   5.0000000000000000     
 Time used     (min):           1
 Time per iter (min):           1
 Iteration:           5  Distance:   13.485697463143321     
 Test for time of next iteration:
 Time provided (min):   5.0000000000000000     
 Time used     (min):           1
 Time per iter (min):           1
 Iteration:           6  Distance:   13.200663761414622     
 Test for time of next iteration:
 Time provided (min):   5.0000000000000000     
 Time used     (min):           1
 Time per iter (min):           1
 Iteration:           7  Distance:   12.974963058706932     
 Test for time of next iteration:
 Time provided (min):   5.0000000000000000     
 Time used     (min):           1
 Time per iter (min):           1
 Iteration:           8  Distance:   14.366346746394976     
 Test for time of next iteration:
 Time provided (min):   5.0000000000000000     
 Time used     (min):           2
 Time per iter (min):           1
 Iteration:           9  Distance:   14.301425971005330     
 Test for time of next iteration:
 Time provided (min):   5.0000000000000000     
 Time used     (min):           2
 Time per iter (min):           1
 Iteration:          10  Distance:   2.0770350254339629     
 Test for time of next iteration:
 Time provided (min):   5.0000000000000000     
 Time used     (min):           2
 Time per iter (min):           1
 Iteration:          11  Distance:   2.5389518735894376     
 Test for time of next iteration:
 Time provided (min):   5.0000000000000000     
 Time used     (min):           2
 Time per iter (min):           1
 Iteration:          12  Distance:   5.8859371321266849     
 Test for time of next iteration:
 Time provided (min):   5.0000000000000000     
 Time used     (min):           2
 Time per iter (min):           1
 Iteration:          13  Distance:   2.7833434726705000     
 Test for time of next iteration:
 Time provided (min):   5.0000000000000000     
 Time used     (min):           2
 Time per iter (min):           1
 Iteration:          14  Distance:   4.9535706740528447     
 Test for time of next iteration:
 Time provided (min):   5.0000000000000000     
 Time used     (min):           2
 Time per iter (min):           1
 Iteration:          15  Distance:   5.0461045950310126     
 Test for time of next iteration:
 Time provided (min):   5.0000000000000000     
 Time used     (min):           2
 Time per iter (min):           1
 Iteration:          16  Distance:   9.5249034111961972     
 Test for time of next iteration:
 Time provided (min):   5.0000000000000000     
 Time used     (min):           3
 Time per iter (min):           1
 Iteration:          17  Distance:   3.4145064573944053     
 Test for time of next iteration:
 Time provided (min):   5.0000000000000000     
 Time used     (min):           3
 Time per iter (min):           1
 Iteration:          18  Distance:   2.9689521018408138     
 Test for time of next iteration:
 Time provided (min):   5.0000000000000000     
 Time used     (min):           3
 Time per iter (min):           1
 Iteration:          19  Distance:   4.3029293974305443     
 Test for time of next iteration:
 Time provided (min):   5.0000000000000000     
 Time used     (min):           3
 Time per iter (min):           1
 Iteration:          20  Distance:   4.2594129902550488     
 Test for time of next iteration:
 Time provided (min):   5.0000000000000000     
 Time used     (min):           3
 Time per iter (min):           1
 Iteration:          21  Distance:   4.2357099321570777     
 Test for time of next iteration:
 Time provided (min):   5.0000000000000000     
 Time used     (min):           3
 Time per iter (min):           1
 Iteration:          22  Distance:   1.3362268126518675     
 Test for time of next iteration:
 Time provided (min):   5.0000000000000000     
 Time used     (min):           3
 Time per iter (min):           1
 Iteration:          23  Distance:   1.6093388622485272     
 Test for time of next iteration:
 Time provided (min):   5.0000000000000000     
 Time used     (min):           3
 Time per iter (min):           1
 Iteration:          24  Distance:  0.68636604560784953     
 Test for time of next iteration:
 Time provided (min):   5.0000000000000000     
 Time used     (min):           4
 Time per iter (min):           1
 Iteration:          25  Distance:  0.21971396288885897     
 Test for time of next iteration:
 Time provided (min):   5.0000000000000000     
 Time used     (min):           4
 Time per iter (min):           1
 Iteration:          26  Distance:  0.27721908902517467     
 Test for time of next iteration:
 Time provided (min):   5.0000000000000000     
 Time used     (min):           4
 Time per iter (min):           1
 Iteration:          27  Distance:  0.11889722763757567     
 Test for time of next iteration:
 Time provided (min):   5.0000000000000000     
 Time used     (min):           4
 Time per iter (min):           1
 Iteration:          28  Distance:   2.7986859991324324E-002
 Test for time of next iteration:
 Time provided (min):   5.0000000000000000     
 Time used     (min):           4
 Time per iter (min):           1
 Iteration:          29  Distance:   1.3768883326879523E-002
 Test for time of next iteration:
 Time provided (min):   5.0000000000000000     
 Time used     (min):           4
 Time per iter (min):           1
 Iteration:          30  Distance:   6.9816439193848390E-002
 As requested by command line option usage data was not send, please send usage.json manually
