      Welcome to FLEUR        (www.flapw.de)   
      MaX-Release 6.0          (www.max-centre.eu)
 Now copying inp_dump.xml
 
 ========== k-point set info ==========
 Selected k-point list: default-1
 k-point list type: mesh
 8 x 12 x 1
 Number of k points: 48
 
 --------------------------------------------------------
 Number of OMP-threads:           2
 --------------------------------------------------------
 Iteration:           1  Distance:   36.149614851216228     
 Test for time of next iteration:
 Time provided (min):   60.000000000000000     
 Time used     (min):           2
 Time per iter (min):           2
 Iteration:           2  Distance:   21.391166883077279     
 Test for time of next iteration:
 Time provided (min):   60.000000000000000     
 Time used     (min):           4
 Time per iter (min):           2
 Iteration:           3  Distance:   14.269490521053573     
 Test for time of next iteration:
 Time provided (min):   60.000000000000000     
 Time used     (min):           6
 Time per iter (min):           2
 Iteration:           4  Distance:   13.100501562146874     
 Test for time of next iteration:
 Time provided (min):   60.000000000000000     
 Time used     (min):           8
 Time per iter (min):           2
 Iteration:           5  Distance:   17.135983536176958     
 Test for time of next iteration:
 Time provided (min):   60.000000000000000     
 Time used     (min):           9
 Time per iter (min):           2
 Iteration:           6  Distance:   14.838654137289245     
 Test for time of next iteration:
 Time provided (min):   60.000000000000000     
 Time used     (min):          11
 Time per iter (min):           2
 Iteration:           7  Distance:   9.8751841492361461     
 Test for time of next iteration:
 Time provided (min):   60.000000000000000     
 Time used     (min):          13
 Time per iter (min):           2
 Iteration:           8  Distance:   8.8090288418775415     
 Test for time of next iteration:
 Time provided (min):   60.000000000000000     
 Time used     (min):          15
 Time per iter (min):           2
 Iteration:           9  Distance:   4.7438137576250856     
 Test for time of next iteration:
 Time provided (min):   60.000000000000000     
 Time used     (min):          17
 Time per iter (min):           2
 Iteration:          10  Distance:   4.6639190947029858     
 Test for time of next iteration:
 Time provided (min):   60.000000000000000     
 Time used     (min):          18
 Time per iter (min):           2
 Iteration:          11  Distance:   3.1099019914514119     
 Test for time of next iteration:
 Time provided (min):   60.000000000000000     
 Time used     (min):          20
 Time per iter (min):           2
 Iteration:          12  Distance:   1.1371019357347842     
 Test for time of next iteration:
 Time provided (min):   60.000000000000000     
 Time used     (min):          21
 Time per iter (min):           2
 Iteration:          13  Distance:   1.1048090030995379     
 Test for time of next iteration:
 Time provided (min):   60.000000000000000     
 Time used     (min):          22
 Time per iter (min):           2
 Iteration:          14  Distance:  0.86423903465811125     
 Test for time of next iteration:
 Time provided (min):   60.000000000000000     
 Time used     (min):          24
 Time per iter (min):           2
 Iteration:          15  Distance:  0.51146958646953955     
 Test for time of next iteration:
 Time provided (min):   60.000000000000000     
 Time used     (min):          25
 Time per iter (min):           2
 Iteration:          16  Distance:  0.27000119908103570     
 As requested by command line option usage data was not send, please send usage.json manually
