      Welcome to FLEUR        (www.flapw.de)   
      MaX-Release 6.0          (www.max-centre.eu)
 Now copying inp_dump.xml
 
 ========== k-point set info ==========
 Selected k-point list: default-1
 k-point list type: mesh
 6 x 5 x 1
 Number of k points: 9
 
 --------------------------------------------------------
 Number of OMP-threads:           1
 --------------------------------------------------------
 Iteration:           1  Distance:   3.0389385811247340     
 Test for time of next iteration:
 Time provided (min):   60.000000000000000     
 Time used     (min):           2
 Time per iter (min):           2
 Iteration:           2  Distance:   8.4688558969567733     
 Test for time of next iteration:
 Time provided (min):   60.000000000000000     
 Time used     (min):           3
 Time per iter (min):           2
 Iteration:           3  Distance:   4.3900508570044865     
 Test for time of next iteration:
 Time provided (min):   60.000000000000000     
 Time used     (min):           4
 Time per iter (min):           2
 Iteration:           4  Distance:   3.8907603067407717     
 Test for time of next iteration:
 Time provided (min):   60.000000000000000     
 Time used     (min):           5
 Time per iter (min):           2
 Iteration:           5  Distance:   3.9820031686216950     
 Test for time of next iteration:
 Time provided (min):   60.000000000000000     
 Time used     (min):           6
 Time per iter (min):           2
 Iteration:           6  Distance:   2.5149851476828564     
 Test for time of next iteration:
 Time provided (min):   60.000000000000000     
 Time used     (min):           8
 Time per iter (min):           2
 Iteration:           7  Distance:   1.4316712538930196     
 Test for time of next iteration:
 Time provided (min):   60.000000000000000     
 Time used     (min):           9
 Time per iter (min):           2
 Iteration:           8  Distance:   1.0804097470654253     
 Test for time of next iteration:
 Time provided (min):   60.000000000000000     
 Time used     (min):          10
 Time per iter (min):           2
 Iteration:           9  Distance:   1.5443800493736324     
 Test for time of next iteration:
 Time provided (min):   60.000000000000000     
 Time used     (min):          11
 Time per iter (min):           2
 Iteration:          10  Distance:   1.5571541385719654     
 Test for time of next iteration:
 Time provided (min):   60.000000000000000     
 Time used     (min):          12
 Time per iter (min):           2
 Iteration:          11  Distance:   1.6543379992821552     
 Test for time of next iteration:
 Time provided (min):   60.000000000000000     
 Time used     (min):          13
 Time per iter (min):           2
 Iteration:          12  Distance:   1.3347356205228635     
 Test for time of next iteration:
 Time provided (min):   60.000000000000000     
 Time used     (min):          15
 Time per iter (min):           2
 Iteration:          13  Distance:   1.3030607120132351     
 Test for time of next iteration:
 Time provided (min):   60.000000000000000     
 Time used     (min):          16
 Time per iter (min):           2
 Iteration:          14  Distance:   1.2035729421394961     
 Test for time of next iteration:
 Time provided (min):   60.000000000000000     
 Time used     (min):          17
 Time per iter (min):           2
 Iteration:          15  Distance:   1.1697771672342487     
 Test for time of next iteration:
 Time provided (min):   60.000000000000000     
 Time used     (min):          18
 Time per iter (min):           2
 Iteration:          16  Distance:   3.7090635695944489     
 Test for time of next iteration:
 Time provided (min):   60.000000000000000     
 Time used     (min):          19
 Time per iter (min):           2
 Iteration:          17  Distance:   1.9843732901981730     
 Test for time of next iteration:
 Time provided (min):   60.000000000000000     
 Time used     (min):          21
 Time per iter (min):           2
 Iteration:          18  Distance:   1.2921949535127566     
 Test for time of next iteration:
 Time provided (min):   60.000000000000000     
 Time used     (min):          22
 Time per iter (min):           2
 Iteration:          19  Distance:   1.1816393820271887     
 Test for time of next iteration:
 Time provided (min):   60.000000000000000     
 Time used     (min):          23
 Time per iter (min):           2
 Iteration:          20  Distance:   1.2571652906844093     
 Test for time of next iteration:
 Time provided (min):   60.000000000000000     
 Time used     (min):          24
 Time per iter (min):           2
 Iteration:          21  Distance:   2.7059954490482676     
 Test for time of next iteration:
 Time provided (min):   60.000000000000000     
 Time used     (min):          25
 Time per iter (min):           2
 Iteration:          22  Distance:   2.4539095872416197     
 Test for time of next iteration:
 Time provided (min):   60.000000000000000     
 Time used     (min):          26
 Time per iter (min):           2
 Iteration:          23  Distance:   2.2562343009900063     
 Test for time of next iteration:
 Time provided (min):   60.000000000000000     
 Time used     (min):          28
 Time per iter (min):           2
 Iteration:          24  Distance:   2.7572237651808105     
 Test for time of next iteration:
 Time provided (min):   60.000000000000000     
 Time used     (min):          29
 Time per iter (min):           2
 Iteration:          25  Distance:   1.1937551409607807     
 Test for time of next iteration:
 Time provided (min):   60.000000000000000     
 Time used     (min):          30
 Time per iter (min):           2
 Iteration:          26  Distance:   1.1461107370987407     
 Test for time of next iteration:
 Time provided (min):   60.000000000000000     
 Time used     (min):          31
 Time per iter (min):           2
 Iteration:          27  Distance:  0.87782593225002492     
 Test for time of next iteration:
 Time provided (min):   60.000000000000000     
 Time used     (min):          32
 Time per iter (min):           2
 Iteration:          28  Distance:  0.17502038952544416     
 Test for time of next iteration:
 Time provided (min):   60.000000000000000     
 Time used     (min):          33
 Time per iter (min):           2
 Iteration:          29  Distance:  0.17622320871242439     
 Test for time of next iteration:
 Time provided (min):   60.000000000000000     
 Time used     (min):          35
 Time per iter (min):           2
 Iteration:          30  Distance:  0.43631565959280116     
 Test for time of next iteration:
 Time provided (min):   60.000000000000000     
 Time used     (min):          36
 Time per iter (min):           2
 Iteration:          31  Distance:  0.23962159214596165     
 Test for time of next iteration:
 Time provided (min):   60.000000000000000     
 Time used     (min):          37
 Time per iter (min):           2
 Iteration:          32  Distance:  0.29487925964783940     
 Test for time of next iteration:
 Time provided (min):   60.000000000000000     
 Time used     (min):          38
 Time per iter (min):           2
 Iteration:          33  Distance:  0.19162278372314409     
 Test for time of next iteration:
 Time provided (min):   60.000000000000000     
 Time used     (min):          39
 Time per iter (min):           2
 Iteration:          34  Distance:  0.24050384626223292     
 Test for time of next iteration:
 Time provided (min):   60.000000000000000     
 Time used     (min):          40
 Time per iter (min):           2
 Iteration:          35  Distance:  0.12393797842122328     
 Test for time of next iteration:
 Time provided (min):   60.000000000000000     
 Time used     (min):          42
 Time per iter (min):           2
 Iteration:          36  Distance:  0.11940875330353969     
 Test for time of next iteration:
 Time provided (min):   60.000000000000000     
 Time used     (min):          43
 Time per iter (min):           2
 Iteration:          37  Distance:  0.22522176110620495     
 Test for time of next iteration:
 Time provided (min):   60.000000000000000     
 Time used     (min):          44
 Time per iter (min):           2
 Iteration:          38  Distance:  0.34153894512656713     
 Test for time of next iteration:
 Time provided (min):   60.000000000000000     
 Time used     (min):          45
 Time per iter (min):           2
 Iteration:          39  Distance:   9.4942782636781381E-002
 Test for time of next iteration:
 Time provided (min):   60.000000000000000     
 Time used     (min):          46
 Time per iter (min):           2
 Iteration:          40  Distance:  0.10872773603285499     
 Test for time of next iteration:
 Time provided (min):   60.000000000000000     
 Time used     (min):          48
 Time per iter (min):           2
 Iteration:          41  Distance:   7.5854136259048688E-002
 Test for time of next iteration:
 Time provided (min):   60.000000000000000     
 Time used     (min):          49
 Time per iter (min):           2
 Iteration:          42  Distance:   6.5040270689895929E-002
 Test for time of next iteration:
 Time provided (min):   60.000000000000000     
 Time used     (min):          50
 Time per iter (min):           2
 Iteration:          43  Distance:   9.7324106445833298E-003
 Test for time of next iteration:
 Time provided (min):   60.000000000000000     
 Time used     (min):          51
 Time per iter (min):           2
 Reset of history
 As requested by command line option usage data was not send, please send usage.json manually
