      Welcome to FLEUR        (www.flapw.de)   
      MaX-Release 4.0          (www.max-centre.eu)
  stars are always ordered 
 --------------------------------------------------------
 Number of OMP-threads:           6
 --------------------------------------------------------
 Iteration:           1  Distance:   8.14285781957964     
 Test for time of next iteration:
 Time provided (min):           5
 Time used     (min):           1
 Time per iter (min):           1
 Iteration:           2  Distance:   7.69272567254270     
 Test for time of next iteration:
 Time provided (min):           5
 Time used     (min):           1
 Time per iter (min):           1
 Iteration:           3  Distance:  0.857440182319491     
 Test for time of next iteration:
 Time provided (min):           5
 Time used     (min):           1
 Time per iter (min):           1
 Iteration:           4  Distance:  0.503262574761058     
 Test for time of next iteration:
 Time provided (min):           5
 Time used     (min):           1
 Time per iter (min):           1
 Iteration:           5  Distance:  0.205396212552065     
 Test for time of next iteration:
 Time provided (min):           5
 Time used     (min):           1
 Time per iter (min):           1
 Iteration:           6  Distance:  1.842382353475831E-002
 Test for time of next iteration:
 Time provided (min):           5
 Time used     (min):           1
 Time per iter (min):           1
 Iteration:           7  Distance:  1.290131128597136E-002
 Test for time of next iteration:
 Time provided (min):           5
 Time used     (min):           1
 Time per iter (min):           1
 Iteration:           8  Distance:  1.296767210044465E-003
 Test for time of next iteration:
 Time provided (min):           5
 Time used     (min):           1
 Time per iter (min):           1
 Iteration:           9  Distance:  1.303053513264277E-003
 Test for time of next iteration:
 Time provided (min):           5
 Time used     (min):           1
 Time per iter (min):           1
 Iteration:          10  Distance:  1.714546800383610E-004
 Usage data send using curl: usage.json
