      Welcome to FLEUR        (www.flapw.de)   
      MaX-Release 6.0          (www.max-centre.eu)
 Now copying inp_dump.xml
 
 ========== k-point set info ==========
 Selected k-point list: default-1
 k-point list type: mesh
 6 x 5 x 1
 Number of k points: 9
 
 --------------------------------------------------------
 Number of OMP-threads:           1
 --------------------------------------------------------
 Iteration:           1  Distance:   32.108993722162317     
 Test for time of next iteration:
 Time provided (min):   60.000000000000000     
 Time used     (min):           2
 Time per iter (min):           2
 Iteration:           2  Distance:   56.515067409481198     
 Test for time of next iteration:
 Time provided (min):   60.000000000000000     
 Time used     (min):           3
 Time per iter (min):           2
 Iteration:           3  Distance:   18.750966833032141     
 Test for time of next iteration:
 Time provided (min):   60.000000000000000     
 Time used     (min):           4
 Time per iter (min):           2
 Iteration:           4  Distance:   21.644087359740166     
 Test for time of next iteration:
 Time provided (min):   60.000000000000000     
 Time used     (min):           5
 Time per iter (min):           2
 Iteration:           5  Distance:   15.083599895404584     
 Test for time of next iteration:
 Time provided (min):   60.000000000000000     
 Time used     (min):           6
 Time per iter (min):           2
 Iteration:           6  Distance:   18.503046901064902     
 Test for time of next iteration:
 Time provided (min):   60.000000000000000     
 Time used     (min):           8
 Time per iter (min):           2
 Iteration:           7  Distance:   18.189424897990634     
 Test for time of next iteration:
 Time provided (min):   60.000000000000000     
 Time used     (min):           9
 Time per iter (min):           2
 Iteration:           8  Distance:   17.218649756573090     
 Test for time of next iteration:
 Time provided (min):   60.000000000000000     
 Time used     (min):          10
 Time per iter (min):           2
 Iteration:           9  Distance:   13.542563023674802     
 Test for time of next iteration:
 Time provided (min):   60.000000000000000     
 Time used     (min):          11
 Time per iter (min):           2
 Iteration:          10  Distance:   12.715578798278326     
 Test for time of next iteration:
 Time provided (min):   60.000000000000000     
 Time used     (min):          12
 Time per iter (min):           2
 Iteration:          11  Distance:   11.381661504536709     
 Test for time of next iteration:
 Time provided (min):   60.000000000000000     
 Time used     (min):          13
 Time per iter (min):           2
 Iteration:          12  Distance:   10.043903022633424     
 Test for time of next iteration:
 Time provided (min):   60.000000000000000     
 Time used     (min):          15
 Time per iter (min):           2
 Iteration:          13  Distance:   7.6426258166039096     
 Test for time of next iteration:
 Time provided (min):   60.000000000000000     
 Time used     (min):          16
 Time per iter (min):           2
 Iteration:          14  Distance:   7.5261425052413635     
 Test for time of next iteration:
 Time provided (min):   60.000000000000000     
 Time used     (min):          17
 Time per iter (min):           2
 Iteration:          15  Distance:   7.2115546797312646     
 Test for time of next iteration:
 Time provided (min):   60.000000000000000     
 Time used     (min):          18
 Time per iter (min):           2
 Iteration:          16  Distance:   34.974508760197004     
 Test for time of next iteration:
 Time provided (min):   60.000000000000000     
 Time used     (min):          19
 Time per iter (min):           2
 Iteration:          17  Distance:   8.6758122586064559     
 Test for time of next iteration:
 Time provided (min):   60.000000000000000     
 Time used     (min):          21
 Time per iter (min):           2
 Iteration:          18  Distance:   7.4360777227998991     
 Test for time of next iteration:
 Time provided (min):   60.000000000000000     
 Time used     (min):          22
 Time per iter (min):           2
 Iteration:          19  Distance:   6.6328495307769861     
 Test for time of next iteration:
 Time provided (min):   60.000000000000000     
 Time used     (min):          23
 Time per iter (min):           2
 Iteration:          20  Distance:   5.5505449366425159     
 Test for time of next iteration:
 Time provided (min):   60.000000000000000     
 Time used     (min):          24
 Time per iter (min):           2
 Iteration:          21  Distance:   3.6075059908250302     
 Test for time of next iteration:
 Time provided (min):   60.000000000000000     
 Time used     (min):          25
 Time per iter (min):           2
 Iteration:          22  Distance:   3.8840925599684137     
 Test for time of next iteration:
 Time provided (min):   60.000000000000000     
 Time used     (min):          26
 Time per iter (min):           2
 Iteration:          23  Distance:   2.8607533036249979     
 Test for time of next iteration:
 Time provided (min):   60.000000000000000     
 Time used     (min):          28
 Time per iter (min):           2
 Iteration:          24  Distance:   4.3028977169392535     
 Test for time of next iteration:
 Time provided (min):   60.000000000000000     
 Time used     (min):          29
 Time per iter (min):           2
 Iteration:          25  Distance:   5.9394674985210738     
 Test for time of next iteration:
 Time provided (min):   60.000000000000000     
 Time used     (min):          30
 Time per iter (min):           2
 Iteration:          26  Distance:   4.5261030059795546     
 Test for time of next iteration:
 Time provided (min):   60.000000000000000     
 Time used     (min):          31
 Time per iter (min):           2
 Iteration:          27  Distance:   3.7733183065867473     
 Test for time of next iteration:
 Time provided (min):   60.000000000000000     
 Time used     (min):          32
 Time per iter (min):           2
 Iteration:          28  Distance:   3.7499943699248841     
 Test for time of next iteration:
 Time provided (min):   60.000000000000000     
 Time used     (min):          34
 Time per iter (min):           2
 Iteration:          29  Distance:   3.6109238509075481     
 Test for time of next iteration:
 Time provided (min):   60.000000000000000     
 Time used     (min):          35
 Time per iter (min):           2
 Iteration:          30  Distance:   8.3463946457387195     
 Test for time of next iteration:
 Time provided (min):   60.000000000000000     
 Time used     (min):          36
 Time per iter (min):           2
 Iteration:          31  Distance:   8.3427464172942596     
 Test for time of next iteration:
 Time provided (min):   60.000000000000000     
 Time used     (min):          37
 Time per iter (min):           2
 Iteration:          32  Distance:   2.1035214609853088     
 Test for time of next iteration:
 Time provided (min):   60.000000000000000     
 Time used     (min):          38
 Time per iter (min):           2
 Iteration:          33  Distance:   2.1066638170712446     
 Test for time of next iteration:
 Time provided (min):   60.000000000000000     
 Time used     (min):          39
 Time per iter (min):           2
 Iteration:          34  Distance:   2.2154618150024072     
 Test for time of next iteration:
 Time provided (min):   60.000000000000000     
 Time used     (min):          41
 Time per iter (min):           2
 Iteration:          35  Distance:   2.1769464656248325     
 Test for time of next iteration:
 Time provided (min):   60.000000000000000     
 Time used     (min):          42
 Time per iter (min):           2
 Iteration:          36  Distance:   2.2940833713986857     
 Test for time of next iteration:
 Time provided (min):   60.000000000000000     
 Time used     (min):          43
 Time per iter (min):           2
 Iteration:          37  Distance:   6.2088502377896555     
 Test for time of next iteration:
 Time provided (min):   60.000000000000000     
 Time used     (min):          44
 Time per iter (min):           2
 Iteration:          38  Distance:   2.8613917225058980     
 Test for time of next iteration:
 Time provided (min):   60.000000000000000     
 Time used     (min):          45
 Time per iter (min):           2
 Iteration:          39  Distance:   3.0574452922725510     
 Test for time of next iteration:
 Time provided (min):   60.000000000000000     
 Time used     (min):          47
 Time per iter (min):           2
 Iteration:          40  Distance:   3.8207477986716980     
 Test for time of next iteration:
 Time provided (min):   60.000000000000000     
 Time used     (min):          48
 Time per iter (min):           2
 Iteration:          41  Distance:   3.8830796654090878     
 Test for time of next iteration:
 Time provided (min):   60.000000000000000     
 Time used     (min):          49
 Time per iter (min):           2
 Iteration:          42  Distance:   2.2018589369021626     
 Test for time of next iteration:
 Time provided (min):   60.000000000000000     
 Time used     (min):          50
 Time per iter (min):           2
 Iteration:          43  Distance:   2.3973715183009920     
 Test for time of next iteration:
 Time provided (min):   60.000000000000000     
 Time used     (min):          51
 Time per iter (min):           2
 Iteration:          44  Distance:   22.610031517638401     
 Test for time of next iteration:
 Time provided (min):   60.000000000000000     
 Time used     (min):          52
 Time per iter (min):           2
 Iteration:          45  Distance:   2.6573248489631185     
 Test for time of next iteration:
 Time provided (min):   60.000000000000000     
 Time used     (min):          54
 Time per iter (min):           2
 Iteration:          46  Distance:   3.0790550656704569     
 Test for time of next iteration:
 Time provided (min):   60.000000000000000     
 Time used     (min):          55
 Time per iter (min):           2
 Iteration:          47  Distance:   2.5577588936869033     
 Test for time of next iteration:
 Time provided (min):   60.000000000000000     
 Time used     (min):          56
 Time per iter (min):           2
 Iteration:          48  Distance:   2.2503850244044168     
 Test for time of next iteration:
 Time provided (min):   60.000000000000000     
 Time used     (min):          57
 Time per iter (min):           2
 Iteration:          49  Distance:   1.8818076203211487     
 Test for time of next iteration:
 Time provided (min):   60.000000000000000     
 Time used     (min):          58
 Time per iter (min):           2
 Iteration:          50  Distance:   2.1176921286025516     
 Test for time of next iteration:
 Time provided (min):   60.000000000000000     
 Time used     (min):          59
 Time per iter (min):           2
 No further iterations
 As requested by command line option usage data was not send, please send usage.json manually
