      Welcome to FLEUR        (www.flapw.de)   
      MaX-Release 6.0          (www.max-centre.eu)
 Now copying inp_dump.xml
 
 ========== k-point set info ==========
 Selected k-point list: default-1
 k-point list type: mesh
 1 x 1 x 1
 Number of k points: 1
 
 --------------------------------------------------------
 Number of OMP-threads:           2
 --------------------------------------------------------
 Iteration:           1  Distance:   1.5186231292387096E-003
 Test for time of next iteration:
 Time provided (min):   5.0000000000000000     
 Time used     (min):           1
 Time per iter (min):           1
 Iteration:           2  Distance:  0.18105622041494826     
 Test for time of next iteration:
 Time provided (min):   5.0000000000000000     
 Time used     (min):           1
 Time per iter (min):           1
 Iteration:           3  Distance:   3.9151740635299013     
 Test for time of next iteration:
 Time provided (min):   5.0000000000000000     
 Time used     (min):           1
 Time per iter (min):           1
 Iteration:           4  Distance:   8.2198570943805525     
 Test for time of next iteration:
 Time provided (min):   5.0000000000000000     
 Time used     (min):           1
 Time per iter (min):           1
 Iteration:           5  Distance:   3.2720505830863420     
 Test for time of next iteration:
 Time provided (min):   5.0000000000000000     
 Time used     (min):           1
 Time per iter (min):           1
 Iteration:           6  Distance:   4.8540297110600017     
 Test for time of next iteration:
 Time provided (min):   5.0000000000000000     
 Time used     (min):           1
 Time per iter (min):           1
 Iteration:           7  Distance:   4.1578317496218196     
 Test for time of next iteration:
 Time provided (min):   5.0000000000000000     
 Time used     (min):           1
 Time per iter (min):           1
 Iteration:           8  Distance:   3.7801243574172845     
 Test for time of next iteration:
 Time provided (min):   5.0000000000000000     
 Time used     (min):           1
 Time per iter (min):           1
 Iteration:           9  Distance:   3.0061636125617031     
 Test for time of next iteration:
 Time provided (min):   5.0000000000000000     
 Time used     (min):           2
 Time per iter (min):           1
 Iteration:          10  Distance:   1.7067639615220553     
 Test for time of next iteration:
 Time provided (min):   5.0000000000000000     
 Time used     (min):           2
 Time per iter (min):           1
 Iteration:          11  Distance:   1.1617021609826266     
 Test for time of next iteration:
 Time provided (min):   5.0000000000000000     
 Time used     (min):           2
 Time per iter (min):           1
 Iteration:          12  Distance:  0.24712989889943782     
 Test for time of next iteration:
 Time provided (min):   5.0000000000000000     
 Time used     (min):           2
 Time per iter (min):           1
 Iteration:          13  Distance:  0.19897060799804747     
 Test for time of next iteration:
 Time provided (min):   5.0000000000000000     
 Time used     (min):           2
 Time per iter (min):           1
 Iteration:          14  Distance:   8.9005997716067910E-003
 Test for time of next iteration:
 Time provided (min):   5.0000000000000000     
 Time used     (min):           2
 Time per iter (min):           1
 Iteration:          15  Distance:   8.0887328880340417E-003
 Test for time of next iteration:
 Time provided (min):   5.0000000000000000     
 Time used     (min):           2
 Time per iter (min):           1
 Iteration:          16  Distance:   7.3819532325709010E-003
 Test for time of next iteration:
 Time provided (min):   5.0000000000000000     
 Time used     (min):           3
 Time per iter (min):           1
 Iteration:          17  Distance:   7.5957089443215780E-003
 Test for time of next iteration:
 Time provided (min):   5.0000000000000000     
 Time used     (min):           3
 Time per iter (min):           1
 Iteration:          18  Distance:   7.4696294289555501E-003
 Test for time of next iteration:
 Time provided (min):   5.0000000000000000     
 Time used     (min):           3
 Time per iter (min):           1
 Iteration:          19  Distance:   3.8719982428967797E-003
 Test for time of next iteration:
 Time provided (min):   5.0000000000000000     
 Time used     (min):           3
 Time per iter (min):           1
 Iteration:          20  Distance:   3.1529288483775303E-003
 Test for time of next iteration:
 Time provided (min):   5.0000000000000000     
 Time used     (min):           3
 Time per iter (min):           1
 Iteration:          21  Distance:   1.5387482603943987E-003
 Test for time of next iteration:
 Time provided (min):   5.0000000000000000     
 Time used     (min):           3
 Time per iter (min):           1
 Iteration:          22  Distance:   9.1950099619881134E-004
 Test for time of next iteration:
 Time provided (min):   5.0000000000000000     
 Time used     (min):           3
 Time per iter (min):           1
 Iteration:          23  Distance:   4.4132801273143152E-004
 Test for time of next iteration:
 Time provided (min):   5.0000000000000000     
 Time used     (min):           3
 Time per iter (min):           1
 Iteration:          24  Distance:   3.1152504524334520E-004
 Test for time of next iteration:
 Time provided (min):   5.0000000000000000     
 Time used     (min):           3
 Time per iter (min):           1
 Iteration:          25  Distance:   4.2231713062438939E-005
 Test for time of next iteration:
 Time provided (min):   5.0000000000000000     
 Time used     (min):           4
 Time per iter (min):           1
 Iteration:          26  Distance:   6.2576207557946570E-005
 Test for time of next iteration:
 Time provided (min):   5.0000000000000000     
 Time used     (min):           4
 Time per iter (min):           1
 Iteration:          27  Distance:   4.6537683344745100E-005
 Test for time of next iteration:
 Time provided (min):   5.0000000000000000     
 Time used     (min):           4
 Time per iter (min):           1
 Iteration:          28  Distance:   5.1928010607011803E-006
 As requested by command line option usage data was not send, please send usage.json manually
