      Welcome to FLEUR        (www.flapw.de)   
      MaX-Release 6.0          (www.max-centre.eu)
 Now copying inp_dump.xml
 
 ========== k-point set info ==========
 Selected k-point list: default-1
 k-point list type: mesh
 8 x 12 x 1
 Number of k points: 48
 
 --------------------------------------------------------
 Number of OMP-threads:           2
 --------------------------------------------------------
 Iteration:           1  Distance:   36.045155797801968     
 Test for time of next iteration:
 Time provided (min):   60.000000000000000     
 Time used     (min):           1
 Time per iter (min):           1
 Iteration:           2  Distance:   20.111884470829075     
 Test for time of next iteration:
 Time provided (min):   60.000000000000000     
 Time used     (min):           2
 Time per iter (min):           1
 Iteration:           3  Distance:   13.829283644705120     
 Test for time of next iteration:
 Time provided (min):   60.000000000000000     
 Time used     (min):           3
 Time per iter (min):           1
 Iteration:           4  Distance:   13.240151593350063     
 Test for time of next iteration:
 Time provided (min):   60.000000000000000     
 Time used     (min):           3
 Time per iter (min):           1
 Iteration:           5  Distance:   15.543859623741197     
 Test for time of next iteration:
 Time provided (min):   60.000000000000000     
 Time used     (min):           4
 Time per iter (min):           1
 Iteration:           6  Distance:   13.750985365619989     
 Test for time of next iteration:
 Time provided (min):   60.000000000000000     
 Time used     (min):           5
 Time per iter (min):           1
 Iteration:           7  Distance:   7.6299557782890721     
 Test for time of next iteration:
 Time provided (min):   60.000000000000000     
 Time used     (min):           5
 Time per iter (min):           1
 Iteration:           8  Distance:   5.9658822112141374     
 Test for time of next iteration:
 Time provided (min):   60.000000000000000     
 Time used     (min):           6
 Time per iter (min):           1
 Iteration:           9  Distance:   3.4057228477163966     
 Test for time of next iteration:
 Time provided (min):   60.000000000000000     
 Time used     (min):           7
 Time per iter (min):           1
 Iteration:          10  Distance:   3.1590844843568684     
 Test for time of next iteration:
 Time provided (min):   60.000000000000000     
 Time used     (min):           7
 Time per iter (min):           1
 Iteration:          11  Distance:   1.9338433942591717     
 Test for time of next iteration:
 Time provided (min):   60.000000000000000     
 Time used     (min):           8
 Time per iter (min):           1
 Iteration:          12  Distance:  0.95590268137784395     
 Test for time of next iteration:
 Time provided (min):   60.000000000000000     
 Time used     (min):           8
 Time per iter (min):           1
 Iteration:          13  Distance:  0.46279193739942498     
 Test for time of next iteration:
 Time provided (min):   60.000000000000000     
 Time used     (min):           9
 Time per iter (min):           1
 Iteration:          14  Distance:  0.52296421103224455     
 Test for time of next iteration:
 Time provided (min):   60.000000000000000     
 Time used     (min):          10
 Time per iter (min):           1
 Iteration:          15  Distance:  0.23006785818815592     
 As requested by command line option usage data was not send, please send usage.json manually
