      Welcome to FLEUR        (www.flapw.de)   
      MaX-Release 4.0          (www.max-centre.eu)
  stars are always ordered 
 --------------------------------------------------------
 Number of OMP-threads:           6
 --------------------------------------------------------
 Iteration:           1  Distance:   8.14211820818847     
 Test for time of next iteration:
 Time provided (min):           5
 Time used     (min):           1
 Time per iter (min):           1
 Iteration:           2  Distance:   7.69204733499301     
 Test for time of next iteration:
 Time provided (min):           5
 Time used     (min):           1
 Time per iter (min):           1
 Iteration:           3  Distance:  0.856944507775782     
 Test for time of next iteration:
 Time provided (min):           5
 Time used     (min):           1
 Time per iter (min):           1
 Iteration:           4  Distance:  0.501438298327703     
 Test for time of next iteration:
 Time provided (min):           5
 Time used     (min):           1
 Time per iter (min):           1
 Iteration:           5  Distance:  0.205605182841977     
 Test for time of next iteration:
 Time provided (min):           5
 Time used     (min):           1
 Time per iter (min):           1
 Iteration:           6  Distance:  1.852288792218942E-002
 Test for time of next iteration:
 Time provided (min):           5
 Time used     (min):           1
 Time per iter (min):           1
 Iteration:           7  Distance:  1.291466956352475E-002
 Test for time of next iteration:
 Time provided (min):           5
 Time used     (min):           1
 Time per iter (min):           1
 Iteration:           8  Distance:  1.303177336752010E-003
 Test for time of next iteration:
 Time provided (min):           5
 Time used     (min):           1
 Time per iter (min):           1
 Iteration:           9  Distance:  1.207654054929908E-003
 Test for time of next iteration:
 Time provided (min):           5
 Time used     (min):           1
 Time per iter (min):           1
 Iteration:          10  Distance:  1.741120559732238E-004
 Test for time of next iteration:
 Time provided (min):           5
 Time used     (min):           1
 Time per iter (min):           1
 Iteration:          11  Distance:  3.295363004932020E-005
 Test for time of next iteration:
 Time provided (min):           5
 Time used     (min):           1
 Time per iter (min):           1
 Iteration:          12  Distance:  9.899258251670823E-006
 Usage data send using curl: usage.json
